
> frontend@0.0.0 build
> vite build

[36mvite v7.3.1 [32mbuilding client environment for production...[36m[39m
transforming...
[32mΓ£ô[39m 4 modules transformed.
node.exe : 
[31mΓ£ù[39m Build 
failed in 208ms
At C:\nvm4w\nodejs\npm
.ps1:16 char:5
+     & 
"$basedir/node$exe"  "
$basedir/node_modules/
npm/bin/npm-cli.js" 
...
+     ~~~~~~~~~~~~~~~~
~~~~~~~~~~~~~~~~~~~~~~
~~~~~~~~~~~~~~~~~~~~~~
~~~~~
    + CategoryInfo    
          : NotSpeci  
  fied: ([31mΓ£ù[   
 39m Build failed     
in 208ms:String)     
[], RemoteExcepti    
on
    + FullyQualifiedE 
   rrorId : NativeCo  
  mmandError
 
[31merror during 
build:
[31m[vite]: Rollup 
failed to resolve 
import 
"react-router-dom" 
from "E:/Bootcamp 
Projects/Bootcamp Trac
ker/frontend/src/App.j
sx".
This is most likely 
unintended because it 
can break your 
application at 
runtime.
If you do want to 
externalize this 
module explicitly add 
it to
`build.rollupOptions.e
xternal`[31m
    at viteLog (file:/
//E:/Bootcamp%20Projec
ts/Bootcamp%20Tracker/
frontend/node_modules/
vite/dist/node/chunks/
config.js:33635:57)
    at file:///E:/Boot
camp%20Projects/Bootca
mp%20Tracker/frontend/
node_modules/vite/dist
/node/chunks/config.js
:33669:73
    at onwarn (file://
/E:/Bootcamp%20Project
s/Bootcamp%20Tracker/f
rontend/node_modules/@
vitejs/plugin-react/di
st/index.js:76:7)
    at file:///E:/Boot
camp%20Projects/Bootca
mp%20Tracker/frontend/
node_modules/vite/dist
/node/chunks/config.js
:33669:28
    at onRollupLog (fi
le:///E:/Bootcamp%20Pr
ojects/Bootcamp%20Trac
ker/frontend/node_modu
les/vite/dist/node/chu
nks/config.js:33664:63
)
    at onLog (file:///
E:/Bootcamp%20Projects
/Bootcamp%20Tracker/fr
ontend/node_modules/vi
te/dist/node/chunks/co
nfig.js:33467:4)
    at file:///E:/Boot
camp%20Projects/Bootca
mp%20Tracker/frontend/
node_modules/rollup/di
st/es/shared/node-entr
y.js:20981:32
    at Object.logger 
[as onLog] (file:///E:
/Bootcamp%20Projects/B
ootcamp%20Tracker/fron
tend/node_modules/roll
up/dist/es/shared/node
-entry.js:22968:9)
    at ModuleLoader.ha
ndleInvalidResolvedId 
(file:///E:/Bootcamp%2
0Projects/Bootcamp%20T
racker/frontend/node_m
odules/rollup/dist/es/
shared/node-entry.js:2
1712:26)
    at file:///E:/Boot
camp%20Projects/Bootca
mp%20Tracker/frontend/
node_modules/rollup/di
st/es/shared/node-entr
y.js:21670:26[39m
